<?xml version="1.0" encoding="UTF-8"?>
<testsuites name="jest tests" tests="4" failures="0" errors="0" time="2.194">
  <testsuite name="generateTrackingSteps" errors="0" failures="0" skipped="0" timestamp="2026-05-03T09:46:26" time="0.567" tests="2">
    <testcase classname="generateTrackingSteps marks all steps as completed when status is DELIVERED" name="generateTrackingSteps marks all steps as completed when status is DELIVERED" time="0.109">
    </testcase>
    <testcase classname="generateTrackingSteps marks only first step as completed when status is PENDING" name="generateTrackingSteps marks only first step as completed when status is PENDING" time="0">
    </testcase>
  </testsuite>
  <testsuite name="API health and fallback routes" errors="0" failures="0" skipped="0" timestamp="2026-05-03T09:46:27" time="1.497" tests="2">
    <testcase classname="API health and fallback routes returns service status for root route" name="API health and fallback routes returns service status for root route" time="0.023">
    </testcase>
    <testcase classname="API health and fallback routes returns 404 for unknown route" name="API health and fallback routes returns 404 for unknown route" time="0.003">
    </testcase>
  </testsuite>
</testsuites>